  Determining projects to restore...
G:\NODEJS\WPFVisionPro\src\VisionPro.Communication\VisionPro.Communication.csproj : warning NU1902: Package 'OPCFoundation.NetStandard.Opc.Ua' 1.5.374.70 has a known moderate severity vulnerability, https://github.com/advisories/GHSA-7vfh-cqpc-4267
G:\NODEJS\WPFVisionPro\src\VisionPro.Core\VisionPro.Core.csproj : warning NU1903: Package 'System.Text.Json' 8.0.4 has a known high severity vulnerability, https://github.com/advisories/GHSA-8g4q-xg66-9fp4 [G:\NODEJS\WPFVisionPro\src\VisionPro.Communication\VisionPro.Communication.csproj]
  All projects are up-to-date for restore.
G:\NODEJS\WPFVisionPro\src\VisionPro.Communication\VisionPro.Communication.csproj : warning NU1902: Package 'OPCFoundation.NetStandard.Opc.Ua' 1.5.374.70 has a known moderate severity vulnerability, https://github.com/advisories/GHSA-7vfh-cqpc-4267
G:\NODEJS\WPFVisionPro\src\VisionPro.Core\VisionPro.Core.csproj : warning NU1903: Package 'System.Text.Json' 8.0.4 has a known high severity vulnerability, https://github.com/advisories/GHSA-8g4q-xg66-9fp4
  VisionPro.Core -> G:\NODEJS\WPFVisionPro\src\VisionPro.Core\bin\Debug\net8.0\VisionPro.Core.dll
G:\NODEJS\WPFVisionPro\src\VisionPro.Communication\Simulation\PlcSimulator.cs(35,30): error CS1061: 'ModbusFactory' does not contain a definition for 'CreateTcpSlave' and no accessible extension method 'CreateTcpSlave' accepting a first argument of type 'ModbusFactory' could be found (are you missing a using directive or an assembly reference?) [G:\NODEJS\WPFVisionPro\src\VisionPro.Communication\VisionPro.Communication.csproj]
G:\NODEJS\WPFVisionPro\src\VisionPro.Communication\Simulation\PlcSimulator.cs(36,13): error CS0200: Property or indexer 'IModbusSlave.DataStore' cannot be assigned to -- it is read only [G:\NODEJS\WPFVisionPro\src\VisionPro.Communication\VisionPro.Communication.csproj]
G:\NODEJS\WPFVisionPro\src\VisionPro.Communication\Simulation\PlcSimulator.cs(36,32): error CS0234: The type or namespace name 'DataStoreFactory' does not exist in the namespace 'NModbus.Data' (are you missing an assembly reference?) [G:\NODEJS\WPFVisionPro\src\VisionPro.Communication\VisionPro.Communication.csproj]
G:\NODEJS\WPFVisionPro\src\VisionPro.Communication\Simulation\PlcSimulator.cs(41,33): error CS1061: 'IModbusSlave' does not contain a definition for 'ListenAsync' and no accessible extension method 'ListenAsync' accepting a first argument of type 'IModbusSlave' could be found (are you missing a using directive or an assembly reference?) [G:\NODEJS\WPFVisionPro\src\VisionPro.Communication\VisionPro.Communication.csproj]
G:\NODEJS\WPFVisionPro\src\VisionPro.Communication\Simulation\PlcSimulator.cs(60,16): error CS1061: 'IModbusSlave' does not contain a definition for 'Dispose' and no accessible extension method 'Dispose' accepting a first argument of type 'IModbusSlave' could be found (are you missing a using directive or an assembly reference?) [G:\NODEJS\WPFVisionPro\src\VisionPro.Communication\VisionPro.Communication.csproj]
G:\NODEJS\WPFVisionPro\src\VisionPro.Communication\Simulation\PlcSimulator.cs(70,13): error CS0021: Cannot apply indexing with [] to an expression of type 'IPointSource<ushort>' [G:\NODEJS\WPFVisionPro\src\VisionPro.Communication\VisionPro.Communication.csproj]
G:\NODEJS\WPFVisionPro\src\VisionPro.Communication\Simulation\PlcSimulator.cs(78,20): error CS0021: Cannot apply indexing with [] to an expression of type 'IPointSource<ushort>' [G:\NODEJS\WPFVisionPro\src\VisionPro.Communication\VisionPro.Communication.csproj]
G:\NODEJS\WPFVisionPro\src\VisionPro.Communication\OpcUa\OpcUaClient.cs(111,39): error CS7036: There is no argument given that corresponds to the required parameter 'ct' of 'SessionClientBatched.ReadAsync(RequestHeader, double, TimestampsToReturn, ReadValueIdCollection, CancellationToken)' [G:\NODEJS\WPFVisionPro\src\VisionPro.Communication\VisionPro.Communication.csproj]
G:\NODEJS\WPFVisionPro\src\VisionPro.Communication\OpcUa\OpcUaClient.cs(137,25): error CS7036: There is no argument given that corresponds to the required parameter 'ct' of 'SessionClientBatched.WriteAsync(RequestHeader, WriteValueCollection, CancellationToken)' [G:\NODEJS\WPFVisionPro\src\VisionPro.Communication\VisionPro.Communication.csproj]
G:\NODEJS\WPFVisionPro\src\VisionPro.Communication\OpcUa\OpcUaClient.cs(17,40): warning CS0067: The event 'OpcUaClient.DataReceived' is never used [G:\NODEJS\WPFVisionPro\src\VisionPro.Communication\VisionPro.Communication.csproj]
G:\NODEJS\WPFVisionPro\src\VisionPro.Communication\Modbus\ModbusTcpClient.cs(18,40): warning CS0067: The event 'ModbusTcpClient.DataReceived' is never used [G:\NODEJS\WPFVisionPro\src\VisionPro.Communication\VisionPro.Communication.csproj]

Build FAILED.

G:\NODEJS\WPFVisionPro\src\VisionPro.Communication\VisionPro.Communication.csproj : warning NU1902: Package 'OPCFoundation.NetStandard.Opc.Ua' 1.5.374.70 has a known moderate severity vulnerability, https://github.com/advisories/GHSA-7vfh-cqpc-4267
G:\NODEJS\WPFVisionPro\src\VisionPro.Core\VisionPro.Core.csproj : warning NU1903: Package 'System.Text.Json' 8.0.4 has a known high severity vulnerability, https://github.com/advisories/GHSA-8g4q-xg66-9fp4 [G:\NODEJS\WPFVisionPro\src\VisionPro.Communication\VisionPro.Communication.csproj]
G:\NODEJS\WPFVisionPro\src\VisionPro.Communication\VisionPro.Communication.csproj : warning NU1902: Package 'OPCFoundation.NetStandard.Opc.Ua' 1.5.374.70 has a known moderate severity vulnerability, https://github.com/advisories/GHSA-7vfh-cqpc-4267
G:\NODEJS\WPFVisionPro\src\VisionPro.Core\VisionPro.Core.csproj : warning NU1903: Package 'System.Text.Json' 8.0.4 has a known high severity vulnerability, https://github.com/advisories/GHSA-8g4q-xg66-9fp4
G:\NODEJS\WPFVisionPro\src\VisionPro.Communication\OpcUa\OpcUaClient.cs(17,40): warning CS0067: The event 'OpcUaClient.DataReceived' is never used [G:\NODEJS\WPFVisionPro\src\VisionPro.Communication\VisionPro.Communication.csproj]
G:\NODEJS\WPFVisionPro\src\VisionPro.Communication\Modbus\ModbusTcpClient.cs(18,40): warning CS0067: The event 'ModbusTcpClient.DataReceived' is never used [G:\NODEJS\WPFVisionPro\src\VisionPro.Communication\VisionPro.Communication.csproj]
G:\NODEJS\WPFVisionPro\src\VisionPro.Communication\Simulation\PlcSimulator.cs(35,30): error CS1061: 'ModbusFactory' does not contain a definition for 'CreateTcpSlave' and no accessible extension method 'CreateTcpSlave' accepting a first argument of type 'ModbusFactory' could be found (are you missing a using directive or an assembly reference?) [G:\NODEJS\WPFVisionPro\src\VisionPro.Communication\VisionPro.Communication.csproj]
G:\NODEJS\WPFVisionPro\src\VisionPro.Communication\Simulation\PlcSimulator.cs(36,13): error CS0200: Property or indexer 'IModbusSlave.DataStore' cannot be assigned to -- it is read only [G:\NODEJS\WPFVisionPro\src\VisionPro.Communication\VisionPro.Communication.csproj]
G:\NODEJS\WPFVisionPro\src\VisionPro.Communication\Simulation\PlcSimulator.cs(36,32): error CS0234: The type or namespace name 'DataStoreFactory' does not exist in the namespace 'NModbus.Data' (are you missing an assembly reference?) [G:\NODEJS\WPFVisionPro\src\VisionPro.Communication\VisionPro.Communication.csproj]
G:\NODEJS\WPFVisionPro\src\VisionPro.Communication\Simulation\PlcSimulator.cs(41,33): error CS1061: 'IModbusSlave' does not contain a definition for 'ListenAsync' and no accessible extension method 'ListenAsync' accepting a first argument of type 'IModbusSlave' could be found (are you missing a using directive or an assembly reference?) [G:\NODEJS\WPFVisionPro\src\VisionPro.Communication\VisionPro.Communication.csproj]
G:\NODEJS\WPFVisionPro\src\VisionPro.Communication\Simulation\PlcSimulator.cs(60,16): error CS1061: 'IModbusSlave' does not contain a definition for 'Dispose' and no accessible extension method 'Dispose' accepting a first argument of type 'IModbusSlave' could be found (are you missing a using directive or an assembly reference?) [G:\NODEJS\WPFVisionPro\src\VisionPro.Communication\VisionPro.Communication.csproj]
G:\NODEJS\WPFVisionPro\src\VisionPro.Communication\Simulation\PlcSimulator.cs(70,13): error CS0021: Cannot apply indexing with [] to an expression of type 'IPointSource<ushort>' [G:\NODEJS\WPFVisionPro\src\VisionPro.Communication\VisionPro.Communication.csproj]
G:\NODEJS\WPFVisionPro\src\VisionPro.Communication\Simulation\PlcSimulator.cs(78,20): error CS0021: Cannot apply indexing with [] to an expression of type 'IPointSource<ushort>' [G:\NODEJS\WPFVisionPro\src\VisionPro.Communication\VisionPro.Communication.csproj]
G:\NODEJS\WPFVisionPro\src\VisionPro.Communication\OpcUa\OpcUaClient.cs(111,39): error CS7036: There is no argument given that corresponds to the required parameter 'ct' of 'SessionClientBatched.ReadAsync(RequestHeader, double, TimestampsToReturn, ReadValueIdCollection, CancellationToken)' [G:\NODEJS\WPFVisionPro\src\VisionPro.Communication\VisionPro.Communication.csproj]
G:\NODEJS\WPFVisionPro\src\VisionPro.Communication\OpcUa\OpcUaClient.cs(137,25): error CS7036: There is no argument given that corresponds to the required parameter 'ct' of 'SessionClientBatched.WriteAsync(RequestHeader, WriteValueCollection, CancellationToken)' [G:\NODEJS\WPFVisionPro\src\VisionPro.Communication\VisionPro.Communication.csproj]
    6 Warning(s)
    9 Error(s)

Time Elapsed 00:00:01.09
